
                            < M A T L A B (R) >
                  Copyright 1984-2024 The MathWorks, Inc.
                  R2024b (24.2.0.2712019) 64-bit (glnxa64)
                              August 22, 2024

 
To get started, type doc.
For product information, visit www.mathworks.com.
 

Running trajectory 1/2
Saving this trajectory in folder: RL_Dataset_new/trajectory_001
Layer 1/12 -> SS: 1296.2, LP: 290.0
Layer 2/12 -> SS: 834.9, LP: 300.0
Layer 3/12 -> SS: 1061.4, LP: 200.0
Layer 4/12 -> SS: 483.1, LP: 290.0
Layer 5/12 -> SS: 990.1, LP: 160.0
Layer 6/12 -> SS: 806.6, LP: 170.0
Layer 7/12 -> SS: 1442.7, LP: 230.0
Layer 8/12 -> SS: 474.5, LP: 160.0
Layer 9/12 -> SS: 700.7, LP: 280.0
Layer 10/12 -> SS: 1149.9, LP: 230.0
Layer 11/12 -> SS: 586.6, LP: 230.0
Layer 12/12 -> SS: 1485.5, LP: 230.0

Random Agent Simulation Complete.
Step 1 -> SS=1296.2, LP=290.0 | Mean Deviation=0.03, Max Temp=2467.08 | uFinal size: [1053 x 1]
Step 2 -> SS=834.9, LP=300.0 | Mean Deviation=0.43, Max Temp=3562.68 | uFinal size: [1053 x 1]
Step 3 -> SS=1061.4, LP=200.0 | Mean Deviation=0.24, Max Temp=3290.73 | uFinal size: [1053 x 1]
Step 4 -> SS=483.1, LP=290.0 | Mean Deviation=1.05, Max Temp=4058.37 | uFinal size: [1053 x 1]
Step 5 -> SS=990.1, LP=160.0 | Mean Deviation=0.28, Max Temp=3292.33 | uFinal size: [1053 x 1]
Step 6 -> SS=806.6, LP=170.0 | Mean Deviation=0.41, Max Temp=3417.05 | uFinal size: [1053 x 1]
Step 7 -> SS=1442.7, LP=230.0 | Mean Deviation=1.12, Max Temp=4068.68 | uFinal size: [1053 x 1]
Step 8 -> SS=474.5, LP=160.0 | Mean Deviation=0.68, Max Temp=3637.49 | uFinal size: [1053 x 1]
Step 9 -> SS=700.7, LP=280.0 | Mean Deviation=1.80, Max Temp=4789.99 | uFinal size: [1053 x 1]
Step 10 -> SS=1149.9, LP=230.0 | Mean Deviation=2.12, Max Temp=5022.75 | uFinal size: [1053 x 1]
Step 11 -> SS=586.6, LP=230.0 | Mean Deviation=2.35, Max Temp=5210.22 | uFinal size: [1053 x 1]
Step 12 -> SS=1485.5, LP=230.0 | Mean Deviation=2.50, Max Temp=5332.59 | uFinal size: [1053 x 1]
Trajectory 1 finished in 35.51 seconds.

Running trajectory 2/2
Saving this trajectory in folder: RL_Dataset_new/trajectory_002
Layer 1/12 -> SS: 1302.3, LP: 210.0
Layer 2/12 -> SS: 1434.3, LP: 220.0
Layer 3/12 -> SS: 1144.0, LP: 210.0
Layer 4/12 -> SS: 627.0, LP: 230.0
Layer 5/12 -> SS: 842.7, LP: 230.0
Layer 6/12 -> SS: 1239.8, LP: 210.0
Layer 7/12 -> SS: 1074.2, LP: 180.0
Layer 8/12 -> SS: 1081.4, LP: 280.0
Layer 9/12 -> SS: 744.4, LP: 250.0
Layer 10/12 -> SS: 843.3, LP: 180.0
Layer 11/12 -> SS: 468.4, LP: 290.0
Layer 12/12 -> SS: 974.4, LP: 280.0

Random Agent Simulation Complete.
Step 1 -> SS=1302.3, LP=210.0 | Mean Deviation=0.48, Max Temp=1846.13 | uFinal size: [1053 x 1]
Step 2 -> SS=1434.3, LP=220.0 | Mean Deviation=0.00, Max Temp=2645.91 | uFinal size: [1053 x 1]
Step 3 -> SS=1144.0, LP=210.0 | Mean Deviation=0.03, Max Temp=2971.98 | uFinal size: [1053 x 1]
Step 4 -> SS=627.0, LP=230.0 | Mean Deviation=0.29, Max Temp=3352.07 | uFinal size: [1053 x 1]
Step 5 -> SS=842.7, LP=230.0 | Mean Deviation=0.51, Max Temp=3553.77 | uFinal size: [1053 x 1]
Step 6 -> SS=1239.8, LP=210.0 | Mean Deviation=0.88, Max Temp=3857.49 | uFinal size: [1053 x 1]
Step 7 -> SS=1074.2, LP=180.0 | Mean Deviation=0.78, Max Temp=3736.52 | uFinal size: [1053 x 1]
Step 8 -> SS=1081.4, LP=280.0 | Mean Deviation=1.85, Max Temp=4733.27 | uFinal size: [1053 x 1]
Step 9 -> SS=744.4, LP=250.0 | Mean Deviation=1.98, Max Temp=4914.07 | uFinal size: [1053 x 1]
Step 10 -> SS=843.3, LP=180.0 | Mean Deviation=1.65, Max Temp=4556.94 | uFinal size: [1053 x 1]
Step 11 -> SS=468.4, LP=290.0 | Mean Deviation=2.89, Max Temp=5739.84 | uFinal size: [1053 x 1]
Step 12 -> SS=974.4, LP=280.0 | Mean Deviation=3.34, Max Temp=6115.59 | uFinal size: [1053 x 1]
Trajectory 2 finished in 21.15 seconds.

All 2 trajectories completed.
